0 verbose cli /Users/shyamkuamr/.nvm/versions/node/v24.21.0/bin/node /Users/shyamkuamr/.nvm/versions/node/v24.21.0/bin/npm
1 info using npm@11.19.0
2 info using node@v24.21.0
3 silly config load:file:/Users/shyamkuamr/.nvm/versions/node/v24.21.0/lib/node_modules/npm/npmrc
4 silly config load:file:/Users/shyamkuamr/Documents/luvstor-app/frontend/.npmrc
5 silly config load:file:/Users/shyamkuamr/.npmrc
6 silly config load:file:/Users/shyamkuamr/.nvm/versions/node/v24.21.0/etc/npmrc
7 verbose title npm run dev
8 verbose argv "run" "dev"
9 verbose logfile logs-max:10 dir:/Users/shyamkuamr/Documents/luvstor-app/frontend/D:/npm-cache/_logs/2026-09-19T01_51_34_997Z-
10 verbose logfile /Users/shyamkuamr/Documents/luvstor-app/frontend/D:/npm-cache/_logs/2026-09-19T01_51_34_997Z-debug-0.log
11 silly logfile done cleaning log files
12 verbose stack Error: Missing script: "dev"
12 verbose stack
12 verbose stack To see a list of scripts, run:
12 verbose stack   npm run
12 verbose stack     at #run (/Users/shyamkuamr/.nvm/versions/node/v24.21.0/lib/node_modules/npm/lib/commands/run.js:115:13)
12 verbose stack     at async RunScript.exec (/Users/shyamkuamr/.nvm/versions/node/v24.21.0/lib/node_modules/npm/lib/commands/run.js:44:7)
12 verbose stack     at async Npm.exec (/Users/shyamkuamr/.nvm/versions/node/v24.21.0/lib/node_modules/npm/lib/npm.js:193:9)
12 verbose stack     at async module.exports (/Users/shyamkuamr/.nvm/versions/node/v24.21.0/lib/node_modules/npm/lib/cli/entry.js:67:5)
13 error Missing script: "dev"
13 error
13 error To see a list of scripts, run:
13 error   npm run
14 verbose cwd /Users/shyamkuamr/Documents/luvstor-app/frontend
15 verbose os Darwin 25.6.0
16 verbose node v24.21.0
17 verbose npm  v11.19.0
18 verbose exit 1
19 verbose code 1
20 error A complete log of this run can be found in: /Users/shyamkuamr/Documents/luvstor-app/frontend/D:/npm-cache/_logs/2026-09-19T01_51_34_997Z-debug-0.log
